edges
| passwordFlows.js:24:9:24:15 | derived | passwordFlows.js:25:38:25:44 | derived | provenance |  |
| passwordFlows.js:24:22:24:29 | password | passwordFlows.js:24:9:24:15 | derived | provenance |  |
| passwordFlows.js:30:9:30:17 | canonical | passwordFlows.js:31:43:31:51 | canonical | provenance |  |
| passwordFlows.js:30:21:30:76 | JSON.st ... word }) | passwordFlows.js:30:9:30:17 | canonical | provenance |  |
| passwordFlows.js:30:36:30:75 | { email ... sword } [passwordFingerprint] | passwordFlows.js:30:21:30:76 | JSON.st ... word }) | provenance |  |
| passwordFlows.js:30:66:30:73 | password | passwordFlows.js:30:21:30:76 | JSON.st ... word }) | provenance |  |
| passwordFlows.js:30:66:30:73 | password | passwordFlows.js:30:36:30:75 | { email ... sword } [passwordFingerprint] | provenance |  |
| passwordFlows.js:35:20:35:24 | value | passwordFlows.js:36:17:36:21 | value | provenance |  |
| passwordFlows.js:36:10:36:22 | String(value) | passwordFlows.js:36:10:36:29 | String(value).trim() | provenance |  |
| passwordFlows.js:36:17:36:21 | value | passwordFlows.js:36:10:36:22 | String(value) | provenance |  |
| passwordFlows.js:38:15:38:19 | value | passwordFlows.js:39:34:39:38 | value | provenance |  |
| passwordFlows.js:39:24:39:39 | normalize(value) | passwordFlows.js:39:10:39:41 | { crede ... alue) } [credential] | provenance |  |
| passwordFlows.js:39:34:39:38 | value | passwordFlows.js:35:20:35:24 | value | provenance |  |
| passwordFlows.js:39:34:39:38 | value | passwordFlows.js:39:24:39:39 | normalize(value) | provenance |  |
| passwordFlows.js:42:9:42:15 | wrapped [credential] | passwordFlows.js:43:38:43:44 | wrapped [credential] | provenance |  |
| passwordFlows.js:42:19:42:32 | wrap(password) [credential] | passwordFlows.js:42:9:42:15 | wrapped [credential] | provenance |  |
| passwordFlows.js:42:24:42:31 | password | passwordFlows.js:38:15:38:19 | value | provenance |  |
| passwordFlows.js:42:24:42:31 | password | passwordFlows.js:42:19:42:32 | wrap(password) [credential] | provenance |  |
| passwordFlows.js:43:38:43:44 | wrapped [credential] | passwordFlows.js:43:38:43:55 | wrapped.credential | provenance |  |
| passwordFlows.js:48:9:48:13 | first | passwordFlows.js:49:18:49:22 | first | provenance |  |
| passwordFlows.js:48:17:48:24 | password | passwordFlows.js:48:9:48:13 | first | provenance |  |
| passwordFlows.js:49:9:49:14 | second | passwordFlows.js:50:18:50:23 | second | provenance |  |
| passwordFlows.js:49:18:49:22 | first | passwordFlows.js:49:9:49:14 | second | provenance |  |
| passwordFlows.js:50:9:50:13 | third | passwordFlows.js:51:21:51:25 | third | provenance |  |
| passwordFlows.js:50:17:50:24 | [second] | passwordFlows.js:50:17:50:33 | [second].join('') | provenance |  |
| passwordFlows.js:50:17:50:24 | [second] [0] | passwordFlows.js:50:17:50:33 | [second].join('') | provenance |  |
| passwordFlows.js:50:17:50:33 | [second].join('') | passwordFlows.js:50:9:50:13 | third | provenance |  |
| passwordFlows.js:50:18:50:23 | second | passwordFlows.js:50:17:50:24 | [second] | provenance |  |
| passwordFlows.js:50:18:50:23 | second | passwordFlows.js:50:17:50:24 | [second] [0] | provenance |  |
| passwordFlows.js:50:18:50:23 | second | passwordFlows.js:50:17:50:33 | [second].join('') | provenance |  |
| passwordFlows.js:51:9:51:14 | fourth | passwordFlows.js:52:43:52:48 | fourth | provenance |  |
| passwordFlows.js:51:21:51:25 | third | passwordFlows.js:51:9:51:14 | fourth | provenance |  |
nodes
| passwordFlows.js:9:36:9:43 | password | semmle.label | password |
| passwordFlows.js:14:38:14:45 | password | semmle.label | password |
| passwordFlows.js:19:43:19:50 | password | semmle.label | password |
| passwordFlows.js:24:9:24:15 | derived | semmle.label | derived |
| passwordFlows.js:24:22:24:29 | password | semmle.label | password |
| passwordFlows.js:25:38:25:44 | derived | semmle.label | derived |
| passwordFlows.js:30:9:30:17 | canonical | semmle.label | canonical |
| passwordFlows.js:30:21:30:76 | JSON.st ... word }) | semmle.label | JSON.st ... word }) |
| passwordFlows.js:30:36:30:75 | { email ... sword } [passwordFingerprint] | semmle.label | { email ... sword } [passwordFingerprint] |
| passwordFlows.js:30:66:30:73 | password | semmle.label | password |
| passwordFlows.js:31:43:31:51 | canonical | semmle.label | canonical |
| passwordFlows.js:35:20:35:24 | value | semmle.label | value |
| passwordFlows.js:36:10:36:22 | String(value) | semmle.label | String(value) |
| passwordFlows.js:36:10:36:29 | String(value).trim() | semmle.label | String(value).trim() |
| passwordFlows.js:36:17:36:21 | value | semmle.label | value |
| passwordFlows.js:38:15:38:19 | value | semmle.label | value |
| passwordFlows.js:39:10:39:41 | { crede ... alue) } [credential] | semmle.label | { crede ... alue) } [credential] |
| passwordFlows.js:39:24:39:39 | normalize(value) | semmle.label | normalize(value) |
| passwordFlows.js:39:34:39:38 | value | semmle.label | value |
| passwordFlows.js:42:9:42:15 | wrapped [credential] | semmle.label | wrapped [credential] |
| passwordFlows.js:42:19:42:32 | wrap(password) [credential] | semmle.label | wrap(password) [credential] |
| passwordFlows.js:42:24:42:31 | password | semmle.label | password |
| passwordFlows.js:43:38:43:44 | wrapped [credential] | semmle.label | wrapped [credential] |
| passwordFlows.js:43:38:43:55 | wrapped.credential | semmle.label | wrapped.credential |
| passwordFlows.js:48:9:48:13 | first | semmle.label | first |
| passwordFlows.js:48:17:48:24 | password | semmle.label | password |
| passwordFlows.js:49:9:49:14 | second | semmle.label | second |
| passwordFlows.js:49:18:49:22 | first | semmle.label | first |
| passwordFlows.js:50:9:50:13 | third | semmle.label | third |
| passwordFlows.js:50:17:50:24 | [second] | semmle.label | [second] |
| passwordFlows.js:50:17:50:24 | [second] [0] | semmle.label | [second] [0] |
| passwordFlows.js:50:17:50:33 | [second].join('') | semmle.label | [second].join('') |
| passwordFlows.js:50:18:50:23 | second | semmle.label | second |
| passwordFlows.js:51:9:51:14 | fourth | semmle.label | fourth |
| passwordFlows.js:51:21:51:25 | third | semmle.label | third |
| passwordFlows.js:52:43:52:48 | fourth | semmle.label | fourth |
subpaths
| passwordFlows.js:39:34:39:38 | value | passwordFlows.js:35:20:35:24 | value | passwordFlows.js:36:10:36:29 | String(value).trim() | passwordFlows.js:39:24:39:39 | normalize(value) |
| passwordFlows.js:42:24:42:31 | password | passwordFlows.js:38:15:38:19 | value | passwordFlows.js:39:10:39:41 | { crede ... alue) } [credential] | passwordFlows.js:42:19:42:32 | wrap(password) [credential] |
#select
| passwordFlows.js:9:36:9:43 | password | passwordFlows.js:9:36:9:43 | password | passwordFlows.js:9:36:9:43 | password | Password from $@ is hashed insecurely. | passwordFlows.js:9:36:9:43 | password | an access to password |
| passwordFlows.js:14:38:14:45 | password | passwordFlows.js:14:38:14:45 | password | passwordFlows.js:14:38:14:45 | password | Password from $@ is hashed insecurely. | passwordFlows.js:14:38:14:45 | password | an access to password |
| passwordFlows.js:19:43:19:50 | password | passwordFlows.js:19:43:19:50 | password | passwordFlows.js:19:43:19:50 | password | Password from $@ is hashed insecurely. | passwordFlows.js:19:43:19:50 | password | an access to password |
| passwordFlows.js:25:38:25:44 | derived | passwordFlows.js:24:22:24:29 | password | passwordFlows.js:25:38:25:44 | derived | Password from $@ is hashed insecurely. | passwordFlows.js:24:22:24:29 | password | an access to password |
| passwordFlows.js:31:43:31:51 | canonical | passwordFlows.js:30:66:30:73 | password | passwordFlows.js:31:43:31:51 | canonical | Password from $@ is hashed insecurely. | passwordFlows.js:30:66:30:73 | password | an access to password |
| passwordFlows.js:43:38:43:55 | wrapped.credential | passwordFlows.js:42:24:42:31 | password | passwordFlows.js:43:38:43:55 | wrapped.credential | Password from $@ is hashed insecurely. | passwordFlows.js:42:24:42:31 | password | an access to password |
| passwordFlows.js:52:43:52:48 | fourth | passwordFlows.js:48:17:48:24 | password | passwordFlows.js:52:43:52:48 | fourth | Password from $@ is hashed insecurely. | passwordFlows.js:48:17:48:24 | password | an access to password |
