edges
| passwordFlows.js:24:9:24:15 | derived | passwordFlows.js:25:38:25:44 | derived | provenance |  |
| passwordFlows.js:24:22:24:29 | password | passwordFlows.js:24:9:24:15 | derived | provenance |  |
| passwordFlows.js:30:9:30:17 | canonical | passwordFlows.js:31:43:31:51 | canonical | provenance |  |
| passwordFlows.js:30:21:30:76 | JSON.st ... word }) | passwordFlows.js:30:9:30:17 | canonical | provenance |  |
| passwordFlows.js:30:36:30:75 | { email ... sword } [passwordFingerprint] | passwordFlows.js:30:21:30:76 | JSON.st ... word }) | provenance |  |
| passwordFlows.js:30:66:30:73 | password | passwordFlows.js:30:21:30:76 | JSON.st ... word }) | provenance |  |
| passwordFlows.js:30:66:30:73 | password | passwordFlows.js:30:36:30:75 | { email ... sword } [passwordFingerprint] | provenance |  |
| passwordFlows.js:35:20:35:24 | value | passwordFlows.js:36:17:36:21 | value | provenance |  |
| passwordFlows.js:36:10:36:22 | String(value) | passwordFlows.js:36:10:36:29 | String(value).trim() | provenance |  |
| passwordFlows.js:36:17:36:21 | value | passwordFlows.js:36:10:36:22 | String(value) | provenance |  |
| passwordFlows.js:38:15:38:19 | value | passwordFlows.js:39:34:39:38 | value | provenance |  |
| passwordFlows.js:39:24:39:39 | normalize(value) | passwordFlows.js:39:10:39:41 | { crede ... alue) } [credential] | provenance |  |
| passwordFlows.js:39:34:39:38 | value | passwordFlows.js:35:20:35:24 | value | provenance |  |
| passwordFlows.js:39:34:39:38 | value | passwordFlows.js:39:24:39:39 | normalize(value) | provenance |  |
| passwordFlows.js:42:9:42:15 | wrapped [credential] | passwordFlows.js:43:38:43:44 | wrapped [credential] | provenance |  |
| passwordFlows.js:42:19:42:32 | wrap(password) [credential] | passwordFlows.js:42:9:42:15 | wrapped [credential] | provenance |  |
| passwordFlows.js:42:24:42:31 | password | passwordFlows.js:38:15:38:19 | value | provenance |  |
| passwordFlows.js:42:24:42:31 | password | passwordFlows.js:42:19:42:32 | wrap(password) [credential] | provenance |  |
| passwordFlows.js:43:38:43:44 | wrapped [credential] | passwordFlows.js:43:38:43:55 | wrapped.credential | provenance |  |
| passwordFlows.js:48:9:48:13 | first | passwordFlows.js:49:18:49:22 | first | provenance |  |
| passwordFlows.js:48:17:48:24 | password | passwordFlows.js:48:9:48:13 | first | provenance |  |
| passwordFlows.js:49:9:49:14 | second | passwordFlows.js:50:18:50:23 | second | provenance |  |
| passwordFlows.js:49:18:49:22 | first | passwordFlows.js:49:9:49:14 | second | provenance |  |
| passwordFlows.js:50:9:50:13 | third | passwordFlows.js:51:21:51:25 | third | provenance |  |
| passwordFlows.js:50:17:50:24 | [second] | passwordFlows.js:50:17:50:33 | [second].join('') | provenance |  |
| passwordFlows.js:50:17:50:24 | [second] [0] | passwordFlows.js:50:17:50:33 | [second].join('') | provenance |  |
| passwordFlows.js:50:17:50:33 | [second].join('') | passwordFlows.js:50:9:50:13 | third | provenance |  |
| passwordFlows.js:50:18:50:23 | second | passwordFlows.js:50:17:50:24 | [second] | provenance |  |
| passwordFlows.js:50:18:50:23 | second | passwordFlows.js:50:17:50:24 | [second] [0] | provenance |  |
| passwordFlows.js:50:18:50:23 | second | passwordFlows.js:50:17:50:33 | [second].join('') | provenance |  |
| passwordFlows.js:51:9:51:14 | fourth | passwordFlows.js:52:43:52:48 | fourth | provenance |  |
| passwordFlows.js:51:21:51:25 | third | passwordFlows.js:51:9:51:14 | fourth | provenance |  |
| passwordFlows.js:65:32:65:37 | secret | passwordFlows.js:66:24:66:29 | secret | provenance |  |
| passwordFlows.js:66:9:66:13 | value | passwordFlows.js:67:47:67:51 | value | provenance |  |
| passwordFlows.js:66:17:66:36 | String(secret ?? '') | passwordFlows.js:66:9:66:13 | value | provenance |  |
| passwordFlows.js:66:24:66:29 | secret | passwordFlows.js:66:17:66:36 | String(secret ?? '') | provenance |  |
| passwordFlows.js:67:9:67:17 | canonical | passwordFlows.js:68:50:68:58 | canonical | provenance |  |
| passwordFlows.js:67:21:67:52 | [MIRROR ...  value] [2] | passwordFlows.js:67:21:67:75 | [MIRROR ... ARATOR) | provenance |  |
| passwordFlows.js:67:21:67:75 | [MIRROR ... ARATOR) | passwordFlows.js:67:9:67:17 | canonical | provenance |  |
| passwordFlows.js:67:47:67:51 | value | passwordFlows.js:67:21:67:52 | [MIRROR ...  value] [2] | provenance |  |
| passwordFlows.js:72:39:72:46 | password | passwordFlows.js:65:32:65:37 | secret | provenance |  |
| passwordFlows.js:89:9:89:14 | issued | passwordFlows.js:90:39:90:44 | issued | provenance |  |
| passwordFlows.js:89:18:89:62 | issuePa ... .token) | passwordFlows.js:89:9:89:14 | issued | provenance |  |
| passwordFlows.js:90:39:90:44 | issued | passwordFlows.js:90:39:90:50 | issued.token | provenance |  |
| passwordFlows.js:90:39:90:50 | issued.token | passwordFlows.js:65:32:65:37 | secret | provenance |  |
| passwordFlows.js:95:9:95:14 | issued | passwordFlows.js:96:39:96:44 | issued | provenance |  |
| passwordFlows.js:95:18:95:78 | issuePa ... 'hex')) | passwordFlows.js:95:9:95:14 | issued | provenance |  |
| passwordFlows.js:96:39:96:44 | issued | passwordFlows.js:96:39:96:50 | issued.token | provenance |  |
| passwordFlows.js:96:39:96:50 | issued.token | passwordFlows.js:65:32:65:37 | secret | provenance |  |
| passwordFlows.js:101:9:101:14 | issued | passwordFlows.js:102:61:102:66 | issued | provenance |  |
| passwordFlows.js:101:18:101:85 | issuePa ... 4url')) | passwordFlows.js:101:9:101:14 | issued | provenance |  |
| passwordFlows.js:102:9:102:17 | canonical | passwordFlows.js:103:49:103:57 | canonical | provenance |  |
| passwordFlows.js:102:21:102:80 | [MIRROR ... ?? '')] [2] | passwordFlows.js:102:21:102:103 | [MIRROR ... ARATOR) | provenance |  |
| passwordFlows.js:102:21:102:103 | [MIRROR ... ARATOR) | passwordFlows.js:102:9:102:17 | canonical | provenance |  |
| passwordFlows.js:102:54:102:79 | String( ...  ?? '') | passwordFlows.js:102:21:102:80 | [MIRROR ... ?? '')] [2] | provenance |  |
| passwordFlows.js:102:61:102:66 | issued | passwordFlows.js:102:54:102:79 | String( ...  ?? '') | provenance |  |
| passwordFlows.js:108:9:108:14 | issued | passwordFlows.js:109:42:109:47 | issued | provenance |  |
| passwordFlows.js:108:18:108:85 | issuePa ... 4url')) | passwordFlows.js:108:9:108:14 | issued | provenance |  |
| passwordFlows.js:109:42:109:47 | issued | passwordFlows.js:109:42:109:53 | issued.token | provenance |  |
| passwordFlows.js:109:42:109:53 | issued.token | passwordFlows.js:65:32:65:37 | secret | provenance |  |
| passwordFlows.js:114:9:114:14 | issued | passwordFlows.js:115:64:115:69 | issued | provenance |  |
| passwordFlows.js:114:18:114:85 | issuePa ... 4url')) | passwordFlows.js:114:9:114:14 | issued | provenance |  |
| passwordFlows.js:115:9:115:17 | canonical | passwordFlows.js:116:52:116:60 | canonical | provenance |  |
| passwordFlows.js:115:21:115:83 | [req.qu ... ?? '')] [2] | passwordFlows.js:115:21:115:106 | [req.qu ... ARATOR) | provenance |  |
| passwordFlows.js:115:21:115:106 | [req.qu ... ARATOR) | passwordFlows.js:115:9:115:17 | canonical | provenance |  |
| passwordFlows.js:115:57:115:82 | String( ...  ?? '') | passwordFlows.js:115:21:115:83 | [req.qu ... ?? '')] [2] | provenance |  |
| passwordFlows.js:115:64:115:69 | issued | passwordFlows.js:115:57:115:82 | String( ...  ?? '') | provenance |  |
| passwordFlows.js:121:9:121:14 | issued | passwordFlows.js:122:61:122:66 | issued | provenance |  |
| passwordFlows.js:121:18:121:85 | issuePa ... 4url')) | passwordFlows.js:121:9:121:14 | issued | provenance |  |
| passwordFlows.js:122:9:122:17 | canonical | passwordFlows.js:123:38:123:46 | canonical | provenance |  |
| passwordFlows.js:122:21:122:80 | [MIRROR ... ?? '')] [2] | passwordFlows.js:122:21:122:103 | [MIRROR ... ARATOR) | provenance |  |
| passwordFlows.js:122:21:122:103 | [MIRROR ... ARATOR) | passwordFlows.js:122:9:122:17 | canonical | provenance |  |
| passwordFlows.js:122:54:122:79 | String( ...  ?? '') | passwordFlows.js:122:21:122:80 | [MIRROR ... ?? '')] [2] | provenance |  |
| passwordFlows.js:122:61:122:66 | issued | passwordFlows.js:122:54:122:79 | String( ...  ?? '') | provenance |  |
| passwordFlows.js:130:9:130:14 | issued | passwordFlows.js:131:54:131:59 | issued | provenance |  |
| passwordFlows.js:130:18:130:85 | issuePa ... 4url')) | passwordFlows.js:130:9:130:14 | issued | provenance |  |
| passwordFlows.js:131:9:131:17 | canonical | passwordFlows.js:133:52:133:60 | canonical | provenance |  |
| passwordFlows.js:131:21:131:90 | [MIRROR ... ?? '')] [2] | passwordFlows.js:131:21:132:27 | [MIRROR ... ARATOR) | provenance |  |
| passwordFlows.js:131:21:131:90 | [MIRROR ... ?? '')] [3] | passwordFlows.js:131:21:132:27 | [MIRROR ... ARATOR) | provenance |  |
| passwordFlows.js:131:21:132:27 | [MIRROR ... ARATOR) | passwordFlows.js:131:9:131:17 | canonical | provenance |  |
| passwordFlows.js:131:54:131:59 | issued | passwordFlows.js:131:54:131:65 | issued.token | provenance |  |
| passwordFlows.js:131:54:131:65 | issued.token | passwordFlows.js:131:21:131:90 | [MIRROR ... ?? '')] [2] | provenance |  |
| passwordFlows.js:131:68:131:89 | String( ...  ?? '') | passwordFlows.js:131:21:131:90 | [MIRROR ... ?? '')] [3] | provenance |  |
| passwordFlows.js:131:75:131:82 | password | passwordFlows.js:131:68:131:89 | String( ...  ?? '') | provenance |  |
nodes
| passwordFlows.js:9:36:9:43 | password | semmle.label | password |
| passwordFlows.js:14:38:14:45 | password | semmle.label | password |
| passwordFlows.js:19:43:19:50 | password | semmle.label | password |
| passwordFlows.js:24:9:24:15 | derived | semmle.label | derived |
| passwordFlows.js:24:22:24:29 | password | semmle.label | password |
| passwordFlows.js:25:38:25:44 | derived | semmle.label | derived |
| passwordFlows.js:30:9:30:17 | canonical | semmle.label | canonical |
| passwordFlows.js:30:21:30:76 | JSON.st ... word }) | semmle.label | JSON.st ... word }) |
| passwordFlows.js:30:36:30:75 | { email ... sword } [passwordFingerprint] | semmle.label | { email ... sword } [passwordFingerprint] |
| passwordFlows.js:30:66:30:73 | password | semmle.label | password |
| passwordFlows.js:31:43:31:51 | canonical | semmle.label | canonical |
| passwordFlows.js:35:20:35:24 | value | semmle.label | value |
| passwordFlows.js:36:10:36:22 | String(value) | semmle.label | String(value) |
| passwordFlows.js:36:10:36:29 | String(value).trim() | semmle.label | String(value).trim() |
| passwordFlows.js:36:17:36:21 | value | semmle.label | value |
| passwordFlows.js:38:15:38:19 | value | semmle.label | value |
| passwordFlows.js:39:10:39:41 | { crede ... alue) } [credential] | semmle.label | { crede ... alue) } [credential] |
| passwordFlows.js:39:24:39:39 | normalize(value) | semmle.label | normalize(value) |
| passwordFlows.js:39:34:39:38 | value | semmle.label | value |
| passwordFlows.js:42:9:42:15 | wrapped [credential] | semmle.label | wrapped [credential] |
| passwordFlows.js:42:19:42:32 | wrap(password) [credential] | semmle.label | wrap(password) [credential] |
| passwordFlows.js:42:24:42:31 | password | semmle.label | password |
| passwordFlows.js:43:38:43:44 | wrapped [credential] | semmle.label | wrapped [credential] |
| passwordFlows.js:43:38:43:55 | wrapped.credential | semmle.label | wrapped.credential |
| passwordFlows.js:48:9:48:13 | first | semmle.label | first |
| passwordFlows.js:48:17:48:24 | password | semmle.label | password |
| passwordFlows.js:49:9:49:14 | second | semmle.label | second |
| passwordFlows.js:49:18:49:22 | first | semmle.label | first |
| passwordFlows.js:50:9:50:13 | third | semmle.label | third |
| passwordFlows.js:50:17:50:24 | [second] | semmle.label | [second] |
| passwordFlows.js:50:17:50:24 | [second] [0] | semmle.label | [second] [0] |
| passwordFlows.js:50:17:50:33 | [second].join('') | semmle.label | [second].join('') |
| passwordFlows.js:50:18:50:23 | second | semmle.label | second |
| passwordFlows.js:51:9:51:14 | fourth | semmle.label | fourth |
| passwordFlows.js:51:21:51:25 | third | semmle.label | third |
| passwordFlows.js:52:43:52:48 | fourth | semmle.label | fourth |
| passwordFlows.js:65:32:65:37 | secret | semmle.label | secret |
| passwordFlows.js:66:9:66:13 | value | semmle.label | value |
| passwordFlows.js:66:17:66:36 | String(secret ?? '') | semmle.label | String(secret ?? '') |
| passwordFlows.js:66:24:66:29 | secret | semmle.label | secret |
| passwordFlows.js:67:9:67:17 | canonical | semmle.label | canonical |
| passwordFlows.js:67:21:67:52 | [MIRROR ...  value] [2] | semmle.label | [MIRROR ...  value] [2] |
| passwordFlows.js:67:21:67:75 | [MIRROR ... ARATOR) | semmle.label | [MIRROR ... ARATOR) |
| passwordFlows.js:67:47:67:51 | value | semmle.label | value |
| passwordFlows.js:68:50:68:58 | canonical | semmle.label | canonical |
| passwordFlows.js:72:39:72:46 | password | semmle.label | password |
| passwordFlows.js:89:9:89:14 | issued | semmle.label | issued |
| passwordFlows.js:89:18:89:62 | issuePa ... .token) | semmle.label | issuePa ... .token) |
| passwordFlows.js:90:39:90:44 | issued | semmle.label | issued |
| passwordFlows.js:90:39:90:50 | issued.token | semmle.label | issued.token |
| passwordFlows.js:95:9:95:14 | issued | semmle.label | issued |
| passwordFlows.js:95:18:95:78 | issuePa ... 'hex')) | semmle.label | issuePa ... 'hex')) |
| passwordFlows.js:96:39:96:44 | issued | semmle.label | issued |
| passwordFlows.js:96:39:96:50 | issued.token | semmle.label | issued.token |
| passwordFlows.js:101:9:101:14 | issued | semmle.label | issued |
| passwordFlows.js:101:18:101:85 | issuePa ... 4url')) | semmle.label | issuePa ... 4url')) |
| passwordFlows.js:102:9:102:17 | canonical | semmle.label | canonical |
| passwordFlows.js:102:21:102:80 | [MIRROR ... ?? '')] [2] | semmle.label | [MIRROR ... ?? '')] [2] |
| passwordFlows.js:102:21:102:103 | [MIRROR ... ARATOR) | semmle.label | [MIRROR ... ARATOR) |
| passwordFlows.js:102:54:102:79 | String( ...  ?? '') | semmle.label | String( ...  ?? '') |
| passwordFlows.js:102:61:102:66 | issued | semmle.label | issued |
| passwordFlows.js:103:49:103:57 | canonical | semmle.label | canonical |
| passwordFlows.js:108:9:108:14 | issued | semmle.label | issued |
| passwordFlows.js:108:18:108:85 | issuePa ... 4url')) | semmle.label | issuePa ... 4url')) |
| passwordFlows.js:109:42:109:47 | issued | semmle.label | issued |
| passwordFlows.js:109:42:109:53 | issued.token | semmle.label | issued.token |
| passwordFlows.js:114:9:114:14 | issued | semmle.label | issued |
| passwordFlows.js:114:18:114:85 | issuePa ... 4url')) | semmle.label | issuePa ... 4url')) |
| passwordFlows.js:115:9:115:17 | canonical | semmle.label | canonical |
| passwordFlows.js:115:21:115:83 | [req.qu ... ?? '')] [2] | semmle.label | [req.qu ... ?? '')] [2] |
| passwordFlows.js:115:21:115:106 | [req.qu ... ARATOR) | semmle.label | [req.qu ... ARATOR) |
| passwordFlows.js:115:57:115:82 | String( ...  ?? '') | semmle.label | String( ...  ?? '') |
| passwordFlows.js:115:64:115:69 | issued | semmle.label | issued |
| passwordFlows.js:116:52:116:60 | canonical | semmle.label | canonical |
| passwordFlows.js:121:9:121:14 | issued | semmle.label | issued |
| passwordFlows.js:121:18:121:85 | issuePa ... 4url')) | semmle.label | issuePa ... 4url')) |
| passwordFlows.js:122:9:122:17 | canonical | semmle.label | canonical |
| passwordFlows.js:122:21:122:80 | [MIRROR ... ?? '')] [2] | semmle.label | [MIRROR ... ?? '')] [2] |
| passwordFlows.js:122:21:122:103 | [MIRROR ... ARATOR) | semmle.label | [MIRROR ... ARATOR) |
| passwordFlows.js:122:54:122:79 | String( ...  ?? '') | semmle.label | String( ...  ?? '') |
| passwordFlows.js:122:61:122:66 | issued | semmle.label | issued |
| passwordFlows.js:123:38:123:46 | canonical | semmle.label | canonical |
| passwordFlows.js:130:9:130:14 | issued | semmle.label | issued |
| passwordFlows.js:130:18:130:85 | issuePa ... 4url')) | semmle.label | issuePa ... 4url')) |
| passwordFlows.js:131:9:131:17 | canonical | semmle.label | canonical |
| passwordFlows.js:131:21:131:90 | [MIRROR ... ?? '')] [2] | semmle.label | [MIRROR ... ?? '')] [2] |
| passwordFlows.js:131:21:131:90 | [MIRROR ... ?? '')] [3] | semmle.label | [MIRROR ... ?? '')] [3] |
| passwordFlows.js:131:21:132:27 | [MIRROR ... ARATOR) | semmle.label | [MIRROR ... ARATOR) |
| passwordFlows.js:131:54:131:59 | issued | semmle.label | issued |
| passwordFlows.js:131:54:131:65 | issued.token | semmle.label | issued.token |
| passwordFlows.js:131:68:131:89 | String( ...  ?? '') | semmle.label | String( ...  ?? '') |
| passwordFlows.js:131:75:131:82 | password | semmle.label | password |
| passwordFlows.js:133:52:133:60 | canonical | semmle.label | canonical |
subpaths
| passwordFlows.js:39:34:39:38 | value | passwordFlows.js:35:20:35:24 | value | passwordFlows.js:36:10:36:29 | String(value).trim() | passwordFlows.js:39:24:39:39 | normalize(value) |
| passwordFlows.js:42:24:42:31 | password | passwordFlows.js:38:15:38:19 | value | passwordFlows.js:39:10:39:41 | { crede ... alue) } [credential] | passwordFlows.js:42:19:42:32 | wrap(password) [credential] |
#select
| passwordFlows.js:9:36:9:43 | password | passwordFlows.js:9:36:9:43 | password | passwordFlows.js:9:36:9:43 | password | Password from $@ is hashed insecurely. | passwordFlows.js:9:36:9:43 | password | an access to password |
| passwordFlows.js:14:38:14:45 | password | passwordFlows.js:14:38:14:45 | password | passwordFlows.js:14:38:14:45 | password | Password from $@ is hashed insecurely. | passwordFlows.js:14:38:14:45 | password | an access to password |
| passwordFlows.js:19:43:19:50 | password | passwordFlows.js:19:43:19:50 | password | passwordFlows.js:19:43:19:50 | password | Password from $@ is hashed insecurely. | passwordFlows.js:19:43:19:50 | password | an access to password |
| passwordFlows.js:25:38:25:44 | derived | passwordFlows.js:24:22:24:29 | password | passwordFlows.js:25:38:25:44 | derived | Password from $@ is hashed insecurely. | passwordFlows.js:24:22:24:29 | password | an access to password |
| passwordFlows.js:31:43:31:51 | canonical | passwordFlows.js:30:66:30:73 | password | passwordFlows.js:31:43:31:51 | canonical | Password from $@ is hashed insecurely. | passwordFlows.js:30:66:30:73 | password | an access to password |
| passwordFlows.js:43:38:43:55 | wrapped.credential | passwordFlows.js:42:24:42:31 | password | passwordFlows.js:43:38:43:55 | wrapped.credential | Password from $@ is hashed insecurely. | passwordFlows.js:42:24:42:31 | password | an access to password |
| passwordFlows.js:52:43:52:48 | fourth | passwordFlows.js:48:17:48:24 | password | passwordFlows.js:52:43:52:48 | fourth | Password from $@ is hashed insecurely. | passwordFlows.js:48:17:48:24 | password | an access to password |
| passwordFlows.js:68:50:68:58 | canonical | passwordFlows.js:72:39:72:46 | password | passwordFlows.js:68:50:68:58 | canonical | Password from $@ is hashed insecurely. | passwordFlows.js:72:39:72:46 | password | an access to password |
| passwordFlows.js:68:50:68:58 | canonical | passwordFlows.js:89:18:89:62 | issuePa ... .token) | passwordFlows.js:68:50:68:58 | canonical | Password from $@ is hashed insecurely. | passwordFlows.js:89:18:89:62 | issuePa ... .token) | a call to issuePasswordResetTokenMutant |
| passwordFlows.js:68:50:68:58 | canonical | passwordFlows.js:95:18:95:78 | issuePa ... 'hex')) | passwordFlows.js:68:50:68:58 | canonical | Password from $@ is hashed insecurely. | passwordFlows.js:95:18:95:78 | issuePa ... 'hex')) | a call to issuePasswordResetTokenMutant |
| passwordFlows.js:68:50:68:58 | canonical | passwordFlows.js:108:18:108:85 | issuePa ... 4url')) | passwordFlows.js:68:50:68:58 | canonical | Password from $@ is hashed insecurely. | passwordFlows.js:108:18:108:85 | issuePa ... 4url')) | a call to issuePasswordResetTokenMutant |
| passwordFlows.js:103:49:103:57 | canonical | passwordFlows.js:101:18:101:85 | issuePa ... 4url')) | passwordFlows.js:103:49:103:57 | canonical | Password from $@ is hashed insecurely. | passwordFlows.js:101:18:101:85 | issuePa ... 4url')) | a call to issuePasswordResetTokenMutant |
| passwordFlows.js:116:52:116:60 | canonical | passwordFlows.js:114:18:114:85 | issuePa ... 4url')) | passwordFlows.js:116:52:116:60 | canonical | Password from $@ is hashed insecurely. | passwordFlows.js:114:18:114:85 | issuePa ... 4url')) | a call to issuePasswordResetTokenMutant |
| passwordFlows.js:123:38:123:46 | canonical | passwordFlows.js:121:18:121:85 | issuePa ... 4url')) | passwordFlows.js:123:38:123:46 | canonical | Password from $@ is hashed insecurely. | passwordFlows.js:121:18:121:85 | issuePa ... 4url')) | a call to issuePasswordResetTokenMutant |
| passwordFlows.js:133:52:133:60 | canonical | passwordFlows.js:130:18:130:85 | issuePa ... 4url')) | passwordFlows.js:133:52:133:60 | canonical | Password from $@ is hashed insecurely. | passwordFlows.js:130:18:130:85 | issuePa ... 4url')) | a call to issuePasswordResetTokenMutant |
| passwordFlows.js:133:52:133:60 | canonical | passwordFlows.js:131:75:131:82 | password | passwordFlows.js:133:52:133:60 | canonical | Password from $@ is hashed insecurely. | passwordFlows.js:131:75:131:82 | password | an access to password |
